-- The CXX compiler identification is GNU 11.4.0
-- Detecting CXX compiler ABI info
-- Detecting CXX compiler ABI info - done
-- Check for working CXX compiler: /usr/bin/c++ - skipped
-- Detecting CXX compile features
-- Detecting CXX compile features - done
-- Using ccache: /usr/bin/ccache
-- The C compiler identification is GNU 11.4.0
-- Detecting C compiler ABI info
-- Detecting C compiler ABI info - done
-- Check for working C compiler: /usr/bin/cc - skipped
-- Detecting C compile features
-- Detecting C compile features - done
-- Turning basic logging ON
-- GenZ-ICP ROS 2 wrapper will be compiled
-- Found ament_cmake: 1.3.11 (/opt/ros/humble/share/ament_cmake/cmake)
-- Found Python3: /usr/bin/python3 (found version "3.10.12") found components: Interpreter 
-- Override CMake install command with custom implementation using symlinks instead of copying resources
-- Found ament_index_cpp: 1.4.0 (/opt/ros/humble/share/ament_index_cpp/cmake)
-- Found nav_msgs: 4.8.0 (/opt/ros/humble/share/nav_msgs/cmake)
-- Found rosidl_generator_c: 3.1.6 (/opt/ros/humble/share/rosidl_generator_c/cmake)
-- Found rosidl_adapter: 3.1.6 (/opt/ros/humble/share/rosidl_adapter/cmake)
-- Found rosidl_generator_cpp: 3.1.6 (/opt/ros/humble/share/rosidl_generator_cpp/cmake)
-- Using all available rosidl_typesupport_c: rosidl_typesupport_fastrtps_c;rosidl_typesupport_introspection_c
-- Using all available rosidl_typesupport_cpp: rosidl_typesupport_fastrtps_cpp;rosidl_typesupport_introspection_cpp
-- Found rclcpp: 16.0.12 (/opt/ros/humble/share/rclcpp/cmake)
-- Found rmw_implementation_cmake: 6.1.2 (/opt/ros/humble/share/rmw_implementation_cmake/cmake)
-- Found rmw_fastrtps_cpp: 6.2.7 (/opt/ros/humble/share/rmw_fastrtps_cpp/cmake)
-- Found OpenSSL: /usr/lib/x86_64-linux-gnu/libcrypto.so (found version "3.0.2")  
-- Found FastRTPS: /opt/ros/humble/include  
-- Using RMW implementation 'rmw_fastrtps_cpp' as default
-- Looking for C++ include pthread.h
-- Looking for C++ include pthread.h - found
-- Performing Test CMAKE_HAVE_LIBC_PTHREAD
-- Performing Test CMAKE_HAVE_LIBC_PTHREAD - Success
-- Found Threads: TRUE  
-- Found rclcpp_components: 16.0.12 (/opt/ros/humble/share/rclcpp_components/cmake)
-- Found sensor_msgs: 4.8.0 (/opt/ros/humble/share/sensor_msgs/cmake)
-- Found tf2_ros: 0.25.12 (/opt/ros/humble/share/tf2_ros/cmake)
-- Configuring done
-- Generating done
-- Build files have been written to: /home/nishant/RRC_Project/New_ws/build/genz_icp
[  7%] [32mBuilding CXX object CMakeFiles/odometry_node.dir/rclcpp_components/node_main_odometry_node.cpp.o[0m
[ 14%] [32mBuilding CXX object genz_icp/core/CMakeFiles/core.dir/Registration.cpp.o[0m
[ 21%] [32mBuilding CXX object genz_icp/core/CMakeFiles/core.dir/VoxelHashMap.cpp.o[0m
[ 28%] [32mBuilding CXX object genz_icp/core/CMakeFiles/core.dir/Preprocessing.cpp.o[0m
[ 35%] [32mBuilding CXX object genz_icp/metrics/CMakeFiles/metrics.dir/Metrics.cpp.o[0m
[ 42%] [32mBuilding CXX object genz_icp/core/CMakeFiles/core.dir/Deskew.cpp.o[0m
[ 50%] [32mBuilding CXX object genz_icp/core/CMakeFiles/core.dir/Threshold.cpp.o[0m
[ 57%] [32m[1mLinking CXX executable odometry_node[0m
[ 57%] Built target odometry_node
[ 64%] [32m[1mLinking CXX static library libcore.a[0m
[ 64%] Built target core
[ 71%] [32mBuilding CXX object genz_icp/pipeline/CMakeFiles/pipeline.dir/GenZICP.cpp.o[0m
[ 78%] [32m[1mLinking CXX static library libpipeline.a[0m
[ 78%] Built target pipeline
[ 85%] [32mBuilding CXX object CMakeFiles/odometry_component.dir/ros2/OdometryServer.cpp.o[0m
[ 92%] [32m[1mLinking CXX static library libmetrics.a[0m
[ 92%] Built target metrics
[100%] [32m[1mLinking CXX shared library libodometry_component.so[0m
[100%] Built target odometry_component
-- Install configuration: "Release"
-- Execute custom install script
-- Symlinking: /home/nishant/RRC_Project/New_ws/install/genz_icp/lib/genz_icp/odometry_node
-- Symlinking: /home/nishant/RRC_Project/New_ws/install/genz_icp/lib/libodometry_component.so
-- Symlinking: /home/nishant/RRC_Project/New_ws/install/genz_icp/share/genz_icp//launch/odometry.launch
-- Symlinking: /home/nishant/RRC_Project/New_ws/install/genz_icp/share/genz_icp//launch/odometry.launch.py
-- Symlinking: /home/nishant/RRC_Project/New_ws/install/genz_icp/share/genz_icp//rviz/genz_icp_ros1.rviz
-- Symlinking: /home/nishant/RRC_Project/New_ws/install/genz_icp/share/genz_icp//rviz/genz_icp_ros2.rviz
-- Symlinking: /home/nishant/RRC_Project/New_ws/install/genz_icp/share/genz_icp//config/corridor.yaml
-- Symlinking: /home/nishant/RRC_Project/New_ws/install/genz_icp/share/genz_icp//config/exp07.yaml
-- Symlinking: /home/nishant/RRC_Project/New_ws/install/genz_icp/share/genz_icp//config/indoor.yaml
-- Symlinking: /home/nishant/RRC_Project/New_ws/install/genz_icp/share/genz_icp//config/kitti.yaml
-- Symlinking: /home/nishant/RRC_Project/New_ws/install/genz_icp/share/genz_icp//config/long_corridor.yaml
-- Symlinking: /home/nishant/RRC_Project/New_ws/install/genz_icp/share/genz_icp//config/newer_college.yaml
-- Symlinking: /home/nishant/RRC_Project/New_ws/install/genz_icp/share/genz_icp//config/outdoor.yaml
-- Symlinking: /home/nishant/RRC_Project/New_ws/install/genz_icp/share/genz_icp//config/parameter_tuning_guide.md
-- Symlinking: /home/nishant/RRC_Project/New_ws/install/genz_icp/share/ament_index/resource_index/package_run_dependencies/genz_icp
-- Symlinking: /home/nishant/RRC_Project/New_ws/install/genz_icp/share/ament_index/resource_index/parent_prefix_path/genz_icp
-- Symlinking: /home/nishant/RRC_Project/New_ws/install/genz_icp/share/genz_icp/environment/ament_prefix_path.sh
-- Symlinking: /home/nishant/RRC_Project/New_ws/install/genz_icp/share/genz_icp/environment/ament_prefix_path.dsv
-- Symlinking: /home/nishant/RRC_Project/New_ws/install/genz_icp/share/genz_icp/environment/path.sh
-- Symlinking: /home/nishant/RRC_Project/New_ws/install/genz_icp/share/genz_icp/environment/path.dsv
-- Symlinking: /home/nishant/RRC_Project/New_ws/install/genz_icp/share/genz_icp/local_setup.bash
-- Symlinking: /home/nishant/RRC_Project/New_ws/install/genz_icp/share/genz_icp/local_setup.sh
-- Symlinking: /home/nishant/RRC_Project/New_ws/install/genz_icp/share/genz_icp/local_setup.zsh
-- Symlinking: /home/nishant/RRC_Project/New_ws/install/genz_icp/share/genz_icp/local_setup.dsv
-- Symlinking: /home/nishant/RRC_Project/New_ws/install/genz_icp/share/genz_icp/package.dsv
-- Symlinking: /home/nishant/RRC_Project/New_ws/install/genz_icp/share/ament_index/resource_index/packages/genz_icp
-- Symlinking: /home/nishant/RRC_Project/New_ws/install/genz_icp/share/ament_index/resource_index/rclcpp_components/genz_icp
-- Symlinking: /home/nishant/RRC_Project/New_ws/install/genz_icp/share/genz_icp/cmake/genz_icpConfig.cmake
-- Symlinking: /home/nishant/RRC_Project/New_ws/install/genz_icp/share/genz_icp/cmake/genz_icpConfig-version.cmake
-- Symlinking: /home/nishant/RRC_Project/New_ws/install/genz_icp/share/genz_icp/package.xml
