[0.126s] DEBUG:colcon:Command line arguments: ['/usr/bin/colcon', 'build', '--packages-select', 'genz_icp', '--cmake-args', '-DCMAKE_BUILD_TYPE=Release', '--symlink-install']
[0.126s] DEBUG:colcon:Parsed command line arguments: Namespace(log_base=None, log_level=None, verb_name='build', build_base='build', install_base='install', merge_install=False, symlink_install=True, test_result_base=None, continue_on_error=False, executor='parallel', parallel_workers=12, event_handlers=None, ignore_user_meta=False, metas=['./colcon.meta'], base_paths=['.'], packages_ignore=None, packages_ignore_regex=None, paths=None, packages_up_to=None, packages_up_to_regex=None, packages_above=None, packages_above_and_dependencies=None, packages_above_depth=None, packages_select_by_dep=None, packages_skip_by_dep=None, packages_skip_up_to=None, packages_select_build_failed=False, packages_skip_build_finished=False, packages_select_test_failures=False, packages_skip_test_passed=False, packages_select=['genz_icp'], packages_skip=None, packages_select_regex=None, packages_skip_regex=None, packages_start=None, packages_end=None, allow_overriding=[], cmake_args=['-DCMAKE_BUILD_TYPE=Release'], cmake_target=None, cmake_target_skip_unavailable=False, cmake_clean_cache=False, cmake_clean_first=False, cmake_force_configure=False, ament_cmake_args=None, catkin_cmake_args=None, catkin_skip_building_tests=False, mixin_files=None, mixin=None, verb_parser=<colcon_mixin.mixin.mixin_argument.MixinArgumentDecorator object at 0x7174912197e0>, verb_extension=<colcon_core.verb.build.BuildVerb object at 0x717491316bc0>, main=<bound method BuildVerb.main of <colcon_core.verb.build.BuildVerb object at 0x717491316bc0>>, mixin_verb=('build',))
[0.334s] Level 1:colcon.colcon_core.package_discovery:discover_packages(colcon_meta) check parameters
[0.334s] Level 1:colcon.colcon_core.package_discovery:discover_packages(recursive) check parameters
[0.334s] Level 1:colcon.colcon_core.package_discovery:discover_packages(ignore) check parameters
[0.334s] Level 1:colcon.colcon_core.package_discovery:discover_packages(path) check parameters
[0.334s] Level 1:colcon.colcon_core.package_discovery:discover_packages(colcon_meta) discover
[0.334s] Level 1:colcon.colcon_core.package_discovery:discover_packages(recursive) discover
[0.334s] INFO:colcon.colcon_core.package_discovery:Crawling recursively for packages in '/home/nishant/RRC_Project/New_ws'
[0.334s] Level 1:colcon.colcon_core.package_identification:_identify(.) by extensions ['ignore', 'ignore_ament_install']
[0.334s] Level 1:colcon.colcon_core.package_identification:_identify(.) by extension 'ignore'
[0.334s] Level 1:colcon.colcon_core.package_identification:_identify(.) by extension 'ignore_ament_install'
[0.334s] Level 1:colcon.colcon_core.package_identification:_identify(.) by extensions ['colcon_pkg']
[0.334s] Level 1:colcon.colcon_core.package_identification:_identify(.) by extension 'colcon_pkg'
[0.335s] Level 1:colcon.colcon_core.package_identification:_identify(.) by extensions ['colcon_meta']
[0.335s] Level 1:colcon.colcon_core.package_identification:_identify(.) by extension 'colcon_meta'
[0.335s] Level 1:colcon.colcon_core.package_identification:_identify(.) by extensions ['ros']
[0.335s] Level 1:colcon.colcon_core.package_identification:_identify(.) by extension 'ros'
[0.344s] Level 1:colcon.colcon_core.package_identification:_identify(.) by extensions ['cmake', 'python']
[0.344s] Level 1:colcon.colcon_core.package_identification:_identify(.) by extension 'cmake'
[0.344s] Level 1:colcon.colcon_core.package_identification:_identify(.) by extension 'python'
[0.345s] Level 1:colcon.colcon_core.package_identification:_identify(.) by extensions ['python_setup_py']
[0.345s] Level 1:colcon.colcon_core.package_identification:_identify(.) by extension 'python_setup_py'
[0.345s] Level 1:colcon.colcon_core.package_identification:_identify(build) by extensions ['ignore', 'ignore_ament_install']
[0.345s] Level 1:colcon.colcon_core.package_identification:_identify(build) by extension 'ignore'
[0.345s] Level 1:colcon.colcon_core.package_identification:_identify(build) ignored
[0.345s] Level 1:colcon.colcon_core.package_identification:_identify(install) by extensions ['ignore', 'ignore_ament_install']
[0.345s] Level 1:colcon.colcon_core.package_identification:_identify(install) by extension 'ignore'
[0.345s] Level 1:colcon.colcon_core.package_identification:_identify(install) ignored
[0.345s] Level 1:colcon.colcon_core.package_identification:_identify(log) by extensions ['ignore', 'ignore_ament_install']
[0.345s] Level 1:colcon.colcon_core.package_identification:_identify(log) by extension 'ignore'
[0.345s] Level 1:colcon.colcon_core.package_identification:_identify(log) ignored
[0.345s] Level 1:colcon.colcon_core.package_identification:_identify(src) by extensions ['ignore', 'ignore_ament_install']
[0.345s] Level 1:colcon.colcon_core.package_identification:_identify(src) by extension 'ignore'
[0.345s] Level 1:colcon.colcon_core.package_identification:_identify(src) by extension 'ignore_ament_install'
[0.345s] Level 1:colcon.colcon_core.package_identification:_identify(src) by extensions ['colcon_pkg']
[0.345s] Level 1:colcon.colcon_core.package_identification:_identify(src) by extension 'colcon_pkg'
[0.345s] Level 1:colcon.colcon_core.package_identification:_identify(src) by extensions ['colcon_meta']
[0.345s] Level 1:colcon.colcon_core.package_identification:_identify(src) by extension 'colcon_meta'
[0.345s] Level 1:colcon.colcon_core.package_identification:_identify(src) by extensions ['ros']
[0.345s] Level 1:colcon.colcon_core.package_identification:_identify(src) by extension 'ros'
[0.345s] Level 1:colcon.colcon_core.package_identification:_identify(src) by extensions ['cmake', 'python']
[0.345s] Level 1:colcon.colcon_core.package_identification:_identify(src) by extension 'cmake'
[0.345s] Level 1:colcon.colcon_core.package_identification:_identify(src) by extension 'python'
[0.345s] Level 1:colcon.colcon_core.package_identification:_identify(src) by extensions ['python_setup_py']
[0.345s] Level 1:colcon.colcon_core.package_identification:_identify(src) by extension 'python_setup_py'
[0.345s] Level 1:colcon.colcon_core.package_identification:_identify(src/genz-icp) by extensions ['ignore', 'ignore_ament_install']
[0.345s] Level 1:colcon.colcon_core.package_identification:_identify(src/genz-icp) by extension 'ignore'
[0.345s] Level 1:colcon.colcon_core.package_identification:_identify(src/genz-icp) by extension 'ignore_ament_install'
[0.345s] Level 1:colcon.colcon_core.package_identification:_identify(src/genz-icp) by extensions ['colcon_pkg']
[0.345s] Level 1:colcon.colcon_core.package_identification:_identify(src/genz-icp) by extension 'colcon_pkg'
[0.345s] Level 1:colcon.colcon_core.package_identification:_identify(src/genz-icp) by extensions ['colcon_meta']
[0.345s] Level 1:colcon.colcon_core.package_identification:_identify(src/genz-icp) by extension 'colcon_meta'
[0.346s] Level 1:colcon.colcon_core.package_identification:_identify(src/genz-icp) by extensions ['ros']
[0.346s] Level 1:colcon.colcon_core.package_identification:_identify(src/genz-icp) by extension 'ros'
[0.346s] Level 1:colcon.colcon_core.package_identification:_identify(src/genz-icp) by extensions ['cmake', 'python']
[0.346s] Level 1:colcon.colcon_core.package_identification:_identify(src/genz-icp) by extension 'cmake'
[0.346s] Level 1:colcon.colcon_core.package_identification:_identify(src/genz-icp) by extension 'python'
[0.346s] Level 1:colcon.colcon_core.package_identification:_identify(src/genz-icp) by extensions ['python_setup_py']
[0.346s] Level 1:colcon.colcon_core.package_identification:_identify(src/genz-icp) by extension 'python_setup_py'
[0.346s] Level 1:colcon.colcon_core.package_identification:_identify(src/genz-icp/cpp) by extensions ['ignore', 'ignore_ament_install']
[0.346s] Level 1:colcon.colcon_core.package_identification:_identify(src/genz-icp/cpp) by extension 'ignore'
[0.346s] Level 1:colcon.colcon_core.package_identification:_identify(src/genz-icp/cpp) ignored
[0.346s] Level 1:colcon.colcon_core.package_identification:_identify(src/genz-icp/pictures) by extensions ['ignore', 'ignore_ament_install']
[0.346s] Level 1:colcon.colcon_core.package_identification:_identify(src/genz-icp/pictures) by extension 'ignore'
[0.346s] Level 1:colcon.colcon_core.package_identification:_identify(src/genz-icp/pictures) by extension 'ignore_ament_install'
[0.346s] Level 1:colcon.colcon_core.package_identification:_identify(src/genz-icp/pictures) by extensions ['colcon_pkg']
[0.346s] Level 1:colcon.colcon_core.package_identification:_identify(src/genz-icp/pictures) by extension 'colcon_pkg'
[0.346s] Level 1:colcon.colcon_core.package_identification:_identify(src/genz-icp/pictures) by extensions ['colcon_meta']
[0.346s] Level 1:colcon.colcon_core.package_identification:_identify(src/genz-icp/pictures) by extension 'colcon_meta'
[0.346s] Level 1:colcon.colcon_core.package_identification:_identify(src/genz-icp/pictures) by extensions ['ros']
[0.346s] Level 1:colcon.colcon_core.package_identification:_identify(src/genz-icp/pictures) by extension 'ros'
[0.346s] Level 1:colcon.colcon_core.package_identification:_identify(src/genz-icp/pictures) by extensions ['cmake', 'python']
[0.346s] Level 1:colcon.colcon_core.package_identification:_identify(src/genz-icp/pictures) by extension 'cmake'
[0.346s] Level 1:colcon.colcon_core.package_identification:_identify(src/genz-icp/pictures) by extension 'python'
[0.346s] Level 1:colcon.colcon_core.package_identification:_identify(src/genz-icp/pictures) by extensions ['python_setup_py']
[0.346s] Level 1:colcon.colcon_core.package_identification:_identify(src/genz-icp/pictures) by extension 'python_setup_py'
[0.346s] Level 1:colcon.colcon_core.package_identification:_identify(src/genz-icp/ros) by extensions ['ignore', 'ignore_ament_install']
[0.346s] Level 1:colcon.colcon_core.package_identification:_identify(src/genz-icp/ros) by extension 'ignore'
[0.346s] Level 1:colcon.colcon_core.package_identification:_identify(src/genz-icp/ros) by extension 'ignore_ament_install'
[0.346s] Level 1:colcon.colcon_core.package_identification:_identify(src/genz-icp/ros) by extensions ['colcon_pkg']
[0.346s] Level 1:colcon.colcon_core.package_identification:_identify(src/genz-icp/ros) by extension 'colcon_pkg'
[0.346s] Level 1:colcon.colcon_core.package_identification:_identify(src/genz-icp/ros) by extensions ['colcon_meta']
[0.346s] Level 1:colcon.colcon_core.package_identification:_identify(src/genz-icp/ros) by extension 'colcon_meta'
[0.346s] Level 1:colcon.colcon_core.package_identification:_identify(src/genz-icp/ros) by extensions ['ros']
[0.346s] Level 1:colcon.colcon_core.package_identification:_identify(src/genz-icp/ros) by extension 'ros'
[0.353s] DEBUG:colcon.colcon_core.package_identification:Package 'src/genz-icp/ros' with type 'ros.ament_cmake' and name 'genz_icp'
[0.353s] Level 1:colcon.colcon_core.package_discovery:discover_packages(recursive) using defaults
[0.353s] Level 1:colcon.colcon_core.package_discovery:discover_packages(ignore) discover
[0.353s] Level 1:colcon.colcon_core.package_discovery:discover_packages(ignore) using defaults
[0.353s] Level 1:colcon.colcon_core.package_discovery:discover_packages(path) discover
[0.353s] Level 1:colcon.colcon_core.package_discovery:discover_packages(path) using defaults
[0.376s] Level 1:colcon.colcon_core.package_discovery:discover_packages(prefix_path) check parameters
[0.376s] Level 1:colcon.colcon_core.package_discovery:discover_packages(prefix_path) discover
[0.379s] WARNING:colcon.colcon_ros.prefix_path.catkin:The path '/usr/lib/x86_64-linux-gnu/cmake/ceres' in the environment variable CMAKE_PREFIX_PATH doesn't exist
[0.381s] DEBUG:colcon.colcon_installed_package_information.package_discovery:Found 286 installed packages in /opt/ros/humble
[0.381s] Level 1:colcon.colcon_core.package_discovery:discover_packages(prefix_path) using defaults
[0.404s] Level 5:colcon.colcon_core.verb:set package 'genz_icp' build argument 'cmake_args' from command line to '['-DCMAKE_BUILD_TYPE=Release']'
[0.404s] Level 5:colcon.colcon_core.verb:set package 'genz_icp' build argument 'cmake_target' from command line to 'None'
[0.404s] Level 5:colcon.colcon_core.verb:set package 'genz_icp' build argument 'cmake_target_skip_unavailable' from command line to 'False'
[0.404s] Level 5:colcon.colcon_core.verb:set package 'genz_icp' build argument 'cmake_clean_cache' from command line to 'False'
[0.404s] Level 5:colcon.colcon_core.verb:set package 'genz_icp' build argument 'cmake_clean_first' from command line to 'False'
[0.404s] Level 5:colcon.colcon_core.verb:set package 'genz_icp' build argument 'cmake_force_configure' from command line to 'False'
[0.404s] Level 5:colcon.colcon_core.verb:set package 'genz_icp' build argument 'ament_cmake_args' from command line to 'None'
[0.404s] Level 5:colcon.colcon_core.verb:set package 'genz_icp' build argument 'catkin_cmake_args' from command line to 'None'
[0.404s] Level 5:colcon.colcon_core.verb:set package 'genz_icp' build argument 'catkin_skip_building_tests' from command line to 'False'
[0.404s] DEBUG:colcon.colcon_core.verb:Building package 'genz_icp' with the following arguments: {'ament_cmake_args': None, 'build_base': '/home/nishant/RRC_Project/New_ws/build/genz_icp', 'catkin_cmake_args': None, 'catkin_skip_building_tests': False, 'cmake_args': ['-DCMAKE_BUILD_TYPE=Release'], 'cmake_clean_cache': False, 'cmake_clean_first': False, 'cmake_force_configure': False, 'cmake_target': None, 'cmake_target_skip_unavailable': False, 'install_base': '/home/nishant/RRC_Project/New_ws/install/genz_icp', 'merge_install': False, 'path': '/home/nishant/RRC_Project/New_ws/src/genz-icp/ros', 'symlink_install': True, 'test_result_base': None}
[0.404s] INFO:colcon.colcon_core.executor:Executing jobs using 'parallel' executor
[0.405s] DEBUG:colcon.colcon_parallel_executor.executor.parallel:run_until_complete
[0.405s] INFO:colcon.colcon_ros.task.ament_cmake.build:Building ROS package in '/home/nishant/RRC_Project/New_ws/src/genz-icp/ros' with build type 'ament_cmake'
[0.406s] INFO:colcon.colcon_cmake.task.cmake.build:Building CMake package in '/home/nishant/RRC_Project/New_ws/src/genz-icp/ros'
[0.410s] INFO:colcon.colcon_core.plugin_system:Skipping extension 'colcon_core.shell.bat': Not used on non-Windows systems
[0.410s] INFO:colcon.colcon_core.shell:Skip shell extension 'powershell' for command environment: Not usable outside of PowerShell
[0.410s] DEBUG:colcon.colcon_core.shell:Skip shell extension 'dsv' for command environment
[0.414s] DEBUG:colcon.colcon_core.event_handler.log_command:Invoking command in '/home/nishant/RRC_Project/New_ws/build/genz_icp': CMAKE_PREFIX_PATH=${CMAKE_PREFIX_PATH}:/opt/ros/humble /usr/bin/cmake /home/nishant/RRC_Project/New_ws/src/genz-icp/ros -DCMAKE_BUILD_TYPE=Release -DAMENT_CMAKE_SYMLINK_INSTALL=1 -DCMAKE_INSTALL_PREFIX=/home/nishant/RRC_Project/New_ws/install/genz_icp
[7.569s] DEBUG:colcon.colcon_core.event_handler.log_command:Invoked command in '/home/nishant/RRC_Project/New_ws/build/genz_icp' returned '0': CMAKE_PREFIX_PATH=${CMAKE_PREFIX_PATH}:/opt/ros/humble /usr/bin/cmake /home/nishant/RRC_Project/New_ws/src/genz-icp/ros -DCMAKE_BUILD_TYPE=Release -DAMENT_CMAKE_SYMLINK_INSTALL=1 -DCMAKE_INSTALL_PREFIX=/home/nishant/RRC_Project/New_ws/install/genz_icp
[7.570s] DEBUG:colcon.colcon_core.event_handler.log_command:Invoking command in '/home/nishant/RRC_Project/New_ws/build/genz_icp': CMAKE_PREFIX_PATH=${CMAKE_PREFIX_PATH}:/opt/ros/humble /usr/bin/cmake --build /home/nishant/RRC_Project/New_ws/build/genz_icp -- -j12 -l12
[27.662s] DEBUG:colcon.colcon_core.event_handler.log_command:Invoked command in '/home/nishant/RRC_Project/New_ws/build/genz_icp' returned '0': CMAKE_PREFIX_PATH=${CMAKE_PREFIX_PATH}:/opt/ros/humble /usr/bin/cmake --build /home/nishant/RRC_Project/New_ws/build/genz_icp -- -j12 -l12
[27.673s] DEBUG:colcon.colcon_core.event_handler.log_command:Invoking command in '/home/nishant/RRC_Project/New_ws/build/genz_icp': CMAKE_PREFIX_PATH=${CMAKE_PREFIX_PATH}:/opt/ros/humble /usr/bin/cmake --install /home/nishant/RRC_Project/New_ws/build/genz_icp
[27.980s] Level 1:colcon.colcon_core.environment:create_environment_scripts_only(genz_icp)
[27.981s] DEBUG:colcon.colcon_core.event_handler.log_command:Invoked command in '/home/nishant/RRC_Project/New_ws/build/genz_icp' returned '0': CMAKE_PREFIX_PATH=${CMAKE_PREFIX_PATH}:/opt/ros/humble /usr/bin/cmake --install /home/nishant/RRC_Project/New_ws/build/genz_icp
[28.095s] Level 1:colcon.colcon_core.environment:checking '/home/nishant/RRC_Project/New_ws/install/genz_icp' for CMake module files
[28.097s] Level 1:colcon.colcon_core.environment:checking '/home/nishant/RRC_Project/New_ws/install/genz_icp' for CMake config files
[28.097s] Level 1:colcon.colcon_core.shell:create_environment_hook('genz_icp', 'cmake_prefix_path')
[28.098s] INFO:colcon.colcon_core.shell:Creating environment hook '/home/nishant/RRC_Project/New_ws/install/genz_icp/share/genz_icp/hook/cmake_prefix_path.ps1'
[28.099s] INFO:colcon.colcon_core.shell:Creating environment descriptor '/home/nishant/RRC_Project/New_ws/install/genz_icp/share/genz_icp/hook/cmake_prefix_path.dsv'
[28.100s] INFO:colcon.colcon_core.shell:Creating environment hook '/home/nishant/RRC_Project/New_ws/install/genz_icp/share/genz_icp/hook/cmake_prefix_path.sh'
[28.102s] Level 1:colcon.colcon_core.environment:checking '/home/nishant/RRC_Project/New_ws/install/genz_icp/lib'
[28.102s] Level 1:colcon.colcon_core.shell:create_environment_hook('genz_icp', 'ld_library_path_lib')
[28.103s] INFO:colcon.colcon_core.shell:Creating environment hook '/home/nishant/RRC_Project/New_ws/install/genz_icp/share/genz_icp/hook/ld_library_path_lib.ps1'
[28.103s] INFO:colcon.colcon_core.shell:Creating environment descriptor '/home/nishant/RRC_Project/New_ws/install/genz_icp/share/genz_icp/hook/ld_library_path_lib.dsv'
[28.104s] INFO:colcon.colcon_core.shell:Creating environment hook '/home/nishant/RRC_Project/New_ws/install/genz_icp/share/genz_icp/hook/ld_library_path_lib.sh'
[28.104s] Level 1:colcon.colcon_core.environment:checking '/home/nishant/RRC_Project/New_ws/install/genz_icp/bin'
[28.104s] Level 1:colcon.colcon_core.environment:checking '/home/nishant/RRC_Project/New_ws/install/genz_icp/lib/pkgconfig/genz_icp.pc'
[28.105s] Level 1:colcon.colcon_core.environment:checking '/home/nishant/RRC_Project/New_ws/install/genz_icp/lib/python3.10/site-packages'
[28.105s] Level 1:colcon.colcon_core.environment:checking '/home/nishant/RRC_Project/New_ws/install/genz_icp/bin'
[28.105s] INFO:colcon.colcon_core.shell:Creating package script '/home/nishant/RRC_Project/New_ws/install/genz_icp/share/genz_icp/package.ps1'
[28.106s] INFO:colcon.colcon_core.shell:Creating package descriptor '/home/nishant/RRC_Project/New_ws/install/genz_icp/share/genz_icp/package.dsv'
[28.107s] INFO:colcon.colcon_core.shell:Creating package script '/home/nishant/RRC_Project/New_ws/install/genz_icp/share/genz_icp/package.sh'
[28.108s] INFO:colcon.colcon_core.shell:Creating package script '/home/nishant/RRC_Project/New_ws/install/genz_icp/share/genz_icp/package.bash'
[28.109s] INFO:colcon.colcon_core.shell:Creating package script '/home/nishant/RRC_Project/New_ws/install/genz_icp/share/genz_icp/package.zsh'
[28.110s] Level 1:colcon.colcon_core.environment:create_file_with_runtime_dependencies(/home/nishant/RRC_Project/New_ws/install/genz_icp/share/colcon-core/packages/genz_icp)
[28.111s] Level 1:colcon.colcon_core.environment:create_environment_scripts_only(genz_icp)
[28.111s] Level 1:colcon.colcon_core.environment:checking '/home/nishant/RRC_Project/New_ws/install/genz_icp' for CMake module files
[28.111s] Level 1:colcon.colcon_core.environment:checking '/home/nishant/RRC_Project/New_ws/install/genz_icp' for CMake config files
[28.112s] Level 1:colcon.colcon_core.shell:create_environment_hook('genz_icp', 'cmake_prefix_path')
[28.112s] INFO:colcon.colcon_core.shell:Creating environment hook '/home/nishant/RRC_Project/New_ws/install/genz_icp/share/genz_icp/hook/cmake_prefix_path.ps1'
[28.112s] INFO:colcon.colcon_core.shell:Creating environment descriptor '/home/nishant/RRC_Project/New_ws/install/genz_icp/share/genz_icp/hook/cmake_prefix_path.dsv'
[28.112s] INFO:colcon.colcon_core.shell:Creating environment hook '/home/nishant/RRC_Project/New_ws/install/genz_icp/share/genz_icp/hook/cmake_prefix_path.sh'
[28.113s] Level 1:colcon.colcon_core.environment:checking '/home/nishant/RRC_Project/New_ws/install/genz_icp/lib'
[28.113s] Level 1:colcon.colcon_core.shell:create_environment_hook('genz_icp', 'ld_library_path_lib')
[28.113s] INFO:colcon.colcon_core.shell:Creating environment hook '/home/nishant/RRC_Project/New_ws/install/genz_icp/share/genz_icp/hook/ld_library_path_lib.ps1'
[28.113s] INFO:colcon.colcon_core.shell:Creating environment descriptor '/home/nishant/RRC_Project/New_ws/install/genz_icp/share/genz_icp/hook/ld_library_path_lib.dsv'
[28.113s] INFO:colcon.colcon_core.shell:Creating environment hook '/home/nishant/RRC_Project/New_ws/install/genz_icp/share/genz_icp/hook/ld_library_path_lib.sh'
[28.114s] Level 1:colcon.colcon_core.environment:checking '/home/nishant/RRC_Project/New_ws/install/genz_icp/bin'
[28.114s] Level 1:colcon.colcon_core.environment:checking '/home/nishant/RRC_Project/New_ws/install/genz_icp/lib/pkgconfig/genz_icp.pc'
[28.114s] Level 1:colcon.colcon_core.environment:checking '/home/nishant/RRC_Project/New_ws/install/genz_icp/lib/python3.10/site-packages'
[28.114s] Level 1:colcon.colcon_core.environment:checking '/home/nishant/RRC_Project/New_ws/install/genz_icp/bin'
[28.114s] INFO:colcon.colcon_core.shell:Creating package script '/home/nishant/RRC_Project/New_ws/install/genz_icp/share/genz_icp/package.ps1'
[28.115s] INFO:colcon.colcon_core.shell:Creating package descriptor '/home/nishant/RRC_Project/New_ws/install/genz_icp/share/genz_icp/package.dsv'
[28.115s] INFO:colcon.colcon_core.shell:Creating package script '/home/nishant/RRC_Project/New_ws/install/genz_icp/share/genz_icp/package.sh'
[28.115s] INFO:colcon.colcon_core.shell:Creating package script '/home/nishant/RRC_Project/New_ws/install/genz_icp/share/genz_icp/package.bash'
[28.115s] INFO:colcon.colcon_core.shell:Creating package script '/home/nishant/RRC_Project/New_ws/install/genz_icp/share/genz_icp/package.zsh'
[28.115s] Level 1:colcon.colcon_core.environment:create_file_with_runtime_dependencies(/home/nishant/RRC_Project/New_ws/install/genz_icp/share/colcon-core/packages/genz_icp)
[28.116s] DEBUG:colcon.colcon_parallel_executor.executor.parallel:closing loop
[28.116s] DEBUG:colcon.colcon_parallel_executor.executor.parallel:loop closed
[28.116s] DEBUG:colcon.colcon_parallel_executor.executor.parallel:run_until_complete finished with '0'
[28.116s] DEBUG:colcon.colcon_core.event_reactor:joining thread
[28.120s] INFO:colcon.colcon_core.plugin_system:Skipping extension 'colcon_notification.desktop_notification.terminal_notifier': Not used on non-Darwin systems
[28.120s] INFO:colcon.colcon_core.plugin_system:Skipping extension 'colcon_notification.desktop_notification.win32': Not used on non-Windows systems
[28.120s] INFO:colcon.colcon_notification.desktop_notification:Sending desktop notification using 'notify2'
[28.137s] DEBUG:colcon.colcon_core.event_reactor:joined thread
[28.138s] INFO:colcon.colcon_core.shell:Creating prefix script '/home/nishant/RRC_Project/New_ws/install/local_setup.ps1'
[28.140s] INFO:colcon.colcon_core.shell:Creating prefix util module '/home/nishant/RRC_Project/New_ws/install/_local_setup_util_ps1.py'
[28.142s] INFO:colcon.colcon_core.shell:Creating prefix chain script '/home/nishant/RRC_Project/New_ws/install/setup.ps1'
[28.144s] INFO:colcon.colcon_core.shell:Creating prefix script '/home/nishant/RRC_Project/New_ws/install/local_setup.sh'
[28.145s] INFO:colcon.colcon_core.shell:Creating prefix util module '/home/nishant/RRC_Project/New_ws/install/_local_setup_util_sh.py'
[28.145s] INFO:colcon.colcon_core.shell:Creating prefix chain script '/home/nishant/RRC_Project/New_ws/install/setup.sh'
[28.146s] INFO:colcon.colcon_core.shell:Creating prefix script '/home/nishant/RRC_Project/New_ws/install/local_setup.bash'
[28.147s] INFO:colcon.colcon_core.shell:Creating prefix chain script '/home/nishant/RRC_Project/New_ws/install/setup.bash'
[28.148s] INFO:colcon.colcon_core.shell:Creating prefix script '/home/nishant/RRC_Project/New_ws/install/local_setup.zsh'
[28.148s] INFO:colcon.colcon_core.shell:Creating prefix chain script '/home/nishant/RRC_Project/New_ws/install/setup.zsh'
